// Jest Snapshot v1, https://goo.gl/fbAQLP

exports[`Mission Component Test render of Mission 1`] = `
<div>
  <tr
    class="mission"
  >
    <td
      class="nameTableCell"
    />
    <td
      class="tableCell"
    />
    <td
      class="tableCell"
    >
      <span
        class="notActiveStatus"
      >
        NOT A MEMBER
      </span>
    </td>
    <td
      class="tableCell"
    >
      <button
        class="joinBtn"
        type="button"
      >
        Join Mission
      </button>
    </td>
  </tr>
</div>
`;
