// Jest Snapshot v1, https://goo.gl/fbAQLP

exports[`MyProfile Component Test render of MyProfile 1`] = `
<div>
  <div
    class="my-profile"
  >
    <section>
      <div
        class="joinedMissionsContainer"
      >
        <h2
          class="joinedMissionsHeader"
        >
          My Missions
        </h2>
        <p
          class="noMissionsJoined"
        >
          No missions joined
        </p>
      </div>
    </section>
    <section>
      <div
        class="container"
      >
        <h3>
          My Rockets
        </h3>
        <div>
          <div
            class="colums"
          >
            <p>
              Currently no rockets reserved.
            </p>
          </div>
        </div>
      </div>
    </section>
  </div>
</div>
`;
