// Jest Snapshot v1, https://goo.gl/fbAQLP

exports[`MyProfile Component Test render of MyProfile 1`] = `
<div>
  <div
    class="my-profile"
  >
    <section>
      <div
        class="joinedMissionsContainer"
      >
        <h2
          class="joinedMissionsHeader"
        >
          My Missions
        </h2>
        <p
          class="noMissionsJoined"
        >
          No missions joined
        </p>
      </div>
    </section>
    <section>
      <h2>
        My Rockets
      </h2>
      <ul>
        <li>
          Falcon 9
        </li>
      </ul>
    </section>
  </div>
</div>
`;
