// Jest Snapshot v1, https://goo.gl/fbAQLP

exports[`ReservedRocketDisplay Component matches snapshot 1`] = `
<div>
  <div
    class="container"
    style="width: 60%;"
  >
    <h3>
      My Rockets
    </h3>
    <div>
      <div
        class="colums"
      >
        <p>
          Currently no rockets reserved.
        </p>
      </div>
    </div>
  </div>
</div>
`;
